// Jest Snapshot v1, https://goo.gl/fbAQLP

exports[`withMovieTabToggler snapshot testing renders component correctly 1`] = `<div />`;
