// Jest Snapshot v1, https://goo.gl/fbAQLP

exports[`MyListPage snapshot testing renders store-connected component correctly 1`] = `
<div
  className="user-page"
>
  <header
    className="page-header user-page__head"
  >
    <div
      className="logo"
    >
      <a
        className="logo__link"
        href="/"
        onClick={[Function]}
      >
        <span
          className="logo__letter logo__letter--1"
        >
          W
        </span>
        <span
          className="logo__letter logo__letter--2"
        >
          T
        </span>
        <span
          className="logo__letter logo__letter--3"
        >
          W
        </span>
      </a>
    </div>
    <h1
      className="page-title user-page__title"
    >
      My list
    </h1>
    <div
      className="user-block"
    >
      <div
        className="user-block__avatar"
      >
        <img
          alt="User avatar"
          height="63"
          src="/img/avatar.jpg"
          width="63"
        />
      </div>
    </div>
  </header>
  <section
    className="catalog"
  >
    <h2
      className="catalog__title visually-hidden"
    >
      Catalog
    </h2>
    <div
      className="catalog__movies-list"
    >
      <article
        className="small-movie-card catalog__movies-card"
        onMouseEnter={[Function]}
        onMouseLeave={[Function]}
      >
        <a
          className="small-movie-card__image"
          href="/films/1"
          onClick={[Function]}
        >
          <video
            height="175"
            muted={true}
            poster="https://assets.htmlacademy.ru/intensives/javascript-3/film/preview/bronson.jpg"
            src="https://upload.wikimedia.org/wikipedia/commons/transcoded/b/b3/Big_Buck_Bunny_Trailer_400p.ogv/Big_Buck_Bunny_Trailer_400p.ogv.360p.webm"
            width="280"
          />
        </a>
        <h3
          className="small-movie-card__title"
        >
          <a
            className="small-movie-card__link"
            href="/films/1"
            onClick={[Function]}
          >
            Bronson
          </a>
        </h3>
      </article>
      <article
        className="small-movie-card catalog__movies-card"
        onMouseEnter={[Function]}
        onMouseLeave={[Function]}
      >
        <a
          className="small-movie-card__image"
          href="/films/2"
          onClick={[Function]}
        >
          <video
            height="175"
            muted={true}
            poster="https://assets.htmlacademy.ru/intensives/javascript-3/film/preview/pulp-fiction.jpg"
            src="https://upload.wikimedia.org/wikipedia/commons/transcoded/b/b3/Big_Buck_Bunny_Trailer_400p.ogv/Big_Buck_Bunny_Trailer_400p.ogv.360p.webm"
            width="280"
          />
        </a>
        <h3
          className="small-movie-card__title"
        >
          <a
            className="small-movie-card__link"
            href="/films/2"
            onClick={[Function]}
          >
            Pulp Fiction
          </a>
        </h3>
      </article>
      <article
        className="small-movie-card catalog__movies-card"
        onMouseEnter={[Function]}
        onMouseLeave={[Function]}
      >
        <a
          className="small-movie-card__image"
          href="/films/3"
          onClick={[Function]}
        >
          <video
            height="175"
            muted={true}
            poster="https://assets.htmlacademy.ru/intensives/javascript-3/film/preview/midnight-special.jpg"
            src="https://download.blender.org/durian/trailer/sintel_trailer-480p.mp4"
            width="280"
          />
        </a>
        <h3
          className="small-movie-card__title"
        >
          <a
            className="small-movie-card__link"
            href="/films/3"
            onClick={[Function]}
          >
            Midnight Special
          </a>
        </h3>
      </article>
      <article
        className="small-movie-card catalog__movies-card"
        onMouseEnter={[Function]}
        onMouseLeave={[Function]}
      >
        <a
          className="small-movie-card__image"
          href="/films/4"
          onClick={[Function]}
        >
          <video
            height="175"
            muted={true}
            poster="https://assets.htmlacademy.ru/intensives/javascript-3/film/preview/matrix.jpg"
            src="https://upload.wikimedia.org/wikipedia/commons/transcoded/b/b3/Big_Buck_Bunny_Trailer_400p.ogv/Big_Buck_Bunny_Trailer_400p.ogv.360p.webm"
            width="280"
          />
        </a>
        <h3
          className="small-movie-card__title"
        >
          <a
            className="small-movie-card__link"
            href="/films/4"
            onClick={[Function]}
          >
            Matrix
          </a>
        </h3>
      </article>
      <article
        className="small-movie-card catalog__movies-card"
        onMouseEnter={[Function]}
        onMouseLeave={[Function]}
      >
        <a
          className="small-movie-card__image"
          href="/films/5"
          onClick={[Function]}
        >
          <video
            height="175"
            muted={true}
            poster="https://assets.htmlacademy.ru/intensives/javascript-3/film/preview/legend.jpg"
            src="https://download.blender.org/durian/trailer/sintel_trailer-480p.mp4"
            width="280"
          />
        </a>
        <h3
          className="small-movie-card__title"
        >
          <a
            className="small-movie-card__link"
            href="/films/5"
            onClick={[Function]}
          >
            Legend
          </a>
        </h3>
      </article>
      <article
        className="small-movie-card catalog__movies-card"
        onMouseEnter={[Function]}
        onMouseLeave={[Function]}
      >
        <a
          className="small-movie-card__image"
          href="/films/6"
          onClick={[Function]}
        >
          <video
            height="175"
            muted={true}
            poster="https://assets.htmlacademy.ru/intensives/javascript-3/film/preview/gangs_of_new_york.jpg"
            src="https://download.blender.org/durian/trailer/sintel_trailer-480p.mp4"
            width="280"
          />
        </a>
        <h3
          className="small-movie-card__title"
        >
          <a
            className="small-movie-card__link"
            href="/films/6"
            onClick={[Function]}
          >
            Gangs of new york
          </a>
        </h3>
      </article>
      <article
        className="small-movie-card catalog__movies-card"
        onMouseEnter={[Function]}
        onMouseLeave={[Function]}
      >
        <a
          className="small-movie-card__image"
          href="/films/7"
          onClick={[Function]}
        >
          <video
            height="175"
            muted={true}
            poster="https://assets.htmlacademy.ru/intensives/javascript-3/film/preview/A_Star_Is_Born.jpg"
            src="https://upload.wikimedia.org/wikipedia/commons/transcoded/b/b3/Big_Buck_Bunny_Trailer_400p.ogv/Big_Buck_Bunny_Trailer_400p.ogv.360p.webm"
            width="280"
          />
        </a>
        <h3
          className="small-movie-card__title"
        >
          <a
            className="small-movie-card__link"
            href="/films/7"
            onClick={[Function]}
          >
            A Star Is Born
          </a>
        </h3>
      </article>
      <article
        className="small-movie-card catalog__movies-card"
        onMouseEnter={[Function]}
        onMouseLeave={[Function]}
      >
        <a
          className="small-movie-card__image"
          href="/films/8"
          onClick={[Function]}
        >
          <video
            height="175"
            muted={true}
            poster="https://assets.htmlacademy.ru/intensives/javascript-3/film/preview/beach.jpg"
            src="https://download.blender.org/durian/trailer/sintel_trailer-480p.mp4"
            width="280"
          />
        </a>
        <h3
          className="small-movie-card__title"
        >
          <a
            className="small-movie-card__link"
            href="/films/8"
            onClick={[Function]}
          >
            Beach
          </a>
        </h3>
      </article>
      <article
        className="small-movie-card catalog__movies-card"
        onMouseEnter={[Function]}
        onMouseLeave={[Function]}
      >
        <a
          className="small-movie-card__image"
          href="/films/9"
          onClick={[Function]}
        >
          <video
            height="175"
            muted={true}
            poster="https://assets.htmlacademy.ru/intensives/javascript-3/film/preview/aviator.jpg"
            src="https://download.blender.org/durian/trailer/sintel_trailer-480p.mp4"
            width="280"
          />
        </a>
        <h3
          className="small-movie-card__title"
        >
          <a
            className="small-movie-card__link"
            href="/films/9"
            onClick={[Function]}
          >
            Aviator
          </a>
        </h3>
      </article>
      <article
        className="small-movie-card catalog__movies-card"
        onMouseEnter={[Function]}
        onMouseLeave={[Function]}
      >
        <a
          className="small-movie-card__image"
          href="/films/10"
          onClick={[Function]}
        >
          <video
            height="175"
            muted={true}
            poster="https://assets.htmlacademy.ru/intensives/javascript-3/film/preview/johnny-english.jpg"
            src="https://upload.wikimedia.org/wikipedia/commons/transcoded/b/b3/Big_Buck_Bunny_Trailer_400p.ogv/Big_Buck_Bunny_Trailer_400p.ogv.360p.webm"
            width="280"
          />
        </a>
        <h3
          className="small-movie-card__title"
        >
          <a
            className="small-movie-card__link"
            href="/films/10"
            onClick={[Function]}
          >
            Johnny English
          </a>
        </h3>
      </article>
    </div>
  </section>
  <footer
    className="page-footer"
  >
    <div
      className="logo"
    >
      <a
        className="logo__link logo__link--light"
        href="/"
        onClick={[Function]}
      >
        <span
          className="logo__letter logo__letter--1"
        >
          W
        </span>
        <span
          className="logo__letter logo__letter--2"
        >
          T
        </span>
        <span
          className="logo__letter logo__letter--3"
        >
          W
        </span>
      </a>
    </div>
    <div
      className="copyright"
    >
      <p>
        © 2019 What to watch Ltd.
      </p>
    </div>
  </footer>
</div>
`;
