// Jest Snapshot v1, https://goo.gl/fbAQLP

exports[`MyListButton snapshot testing (with Auth) renders store-connected component correctly 1`] = `
<button
  className="btn btn--list movie-card__button"
  onClick={[Function]}
  type="button"
>
  <svg
    height="14"
    viewBox="0 0 18 14"
    width="18"
  >
    <use
      xlinkHref="#in-list"
    />
  </svg>
  <span>
    My list
  </span>
</button>
`;

exports[`MyListButton snapshot testing (without Auth) renders store-connected component correctly 1`] = `null`;
