// Jest Snapshot v1, https://goo.gl/fbAQLP

exports[`MoviesItem snapshot testing renders component correctly 1`] = `
<article
  className="small-movie-card catalog__movies-card"
  onMouseEnter={[Function]}
  onMouseLeave={[Function]}
>
  <a
    className="small-movie-card__image"
    href="/films/1"
    onClick={[Function]}
  >
    <video
      height="175"
      muted={true}
      poster="https://assets.htmlacademy.ru/intensives/javascript-3/film/preview/bronson.jpg"
      src="https://upload.wikimedia.org/wikipedia/commons/transcoded/b/b3/Big_Buck_Bunny_Trailer_400p.ogv/Big_Buck_Bunny_Trailer_400p.ogv.360p.webm"
      width="280"
    />
  </a>
  <h3
    className="small-movie-card__title"
  >
    <a
      className="small-movie-card__link"
      href="/films/1"
      onClick={[Function]}
    >
      Bronson
    </a>
  </h3>
</article>
`;
