// Jest Snapshot v1, https://goo.gl/fbAQLP

exports[`withMoviesList snapshot testing renders component correctly 1`] = `<div />`;
