// Jest Snapshot v1, https://goo.gl/fbAQLP

exports[`User snapshot testing renders component correctly (with Auth) 1`] = `
<div
  className="user-block__avatar"
>
  <a
    href="/mylist/"
    onClick={[Function]}
  >
    <img
      alt="User avatar"
      height="63"
      src="/img/avatar.jpg"
      width="63"
    />
  </a>
</div>
`;

exports[`User snapshot testing renders component correctly (without Auth) 1`] = `
<div
  className="user-block__link"
>
  <a
    className="user-block__link"
    href="/login/"
    onClick={[Function]}
  >
    Sign in
  </a>
</div>
`;
