// Jest Snapshot v1, https://goo.gl/fbAQLP

exports[`PromoMovie snapshot testing renders component correctly 1`] = `
<section
  className="movie-card"
>
  <div
    className="movie-card__bg"
  >
    <img
      alt="Bronson"
      src="https://assets.htmlacademy.ru/intensives/javascript-3/film/background/bronson.jpg"
    />
  </div>
  <h1
    className="visually-hidden"
  >
    WTW
  </h1>
  <header
    className="page-header movie-card__head"
  >
    <div
      className="logo"
    >
      <a
        className="logo__link"
      >
        <span
          className="logo__letter logo__letter--1"
        >
          W
        </span>
        <span
          className="logo__letter logo__letter--2"
        >
          T
        </span>
        <span
          className="logo__letter logo__letter--3"
        >
          W
        </span>
      </a>
    </div>
    <div
      className="user-block"
    >
      <div
        className="user-block__link"
      >
        <a
          className="user-block__link"
          href="/sign-in/"
          onClick={[Function]}
        >
          Sign in
        </a>
      </div>
    </div>
  </header>
  <div
    className="movie-card__wrap"
  >
    <div
      className="movie-card__info"
    >
      <div
        className="movie-card__poster"
      >
        <img
          alt="Bronson poster"
          height="327"
          src="https://assets.htmlacademy.ru/intensives/javascript-3/film/poster/bronson.jpg"
          width="218"
        />
      </div>
      <div
        className="movie-card__desc"
      >
        <h2
          className="movie-card__title"
        >
          Bronson
        </h2>
        <p
          className="movie-card__meta"
        >
          <span
            className="movie-card__genre"
          >
            Action
          </span>
          <span
            className="movie-card__year"
          >
            2008
          </span>
        </p>
        <div
          className="movie-card__buttons"
        >
          <a
            className="btn btn--play movie-card__button"
            href="/player/1"
            onClick={[Function]}
          >
            <svg
              height="19"
              viewBox="0 0 19 19"
              width="19"
            >
              <use
                xlinkHref="#play-s"
              />
            </svg>
            <span>
              Play
            </span>
          </a>
        </div>
      </div>
    </div>
  </div>
</section>
`;
